aback
abet
abhor
ability
able
ably
about
above
absence
abuse
abut
academia
academic
academy
accede
acceded
accent
access
accessed
acclaim
account
accuracy
ace
aced
aces
ache
ached
achieve
aching
acid
acids
acme
acne
acorn
acquaint
acquire
acquit
acre
acrid
act
acted
acting
action
activate
active
activism
activist
activity
actor
acts
actual
actually
acuity
adage
add
adder
addict
addition
additive
addle
addles
address
adds
adept
adequacy
adequate
adios
adjacent
adjust
adjutant
admiral
ado
adorn
ads
advance
advancer
advice
advise
afar
affair
aflame
again
agape
age
aged
agenda
agent
ages
agile
agility
aging
agings
ago
agog
agony
agree
agreed
ahead
aid
aide
aided
aides
aiding
aids
ail
ailing
ails
aim
aimed
aimer
aiming
aims
air
airbag
aircraft
airflow
airier
airing
airmail
airs
airtight
airway
airy
akin
alarm
alarms
alas
album
alchemy
alcohol
ale
ales
alga
algae
algal
alias
alibi
alien
alight
align
alike
alive
all
allay
allays
allege
allergy
alley
alleyway
alliance
allot
allow
allows
alloy
allure
ally
almighty
almond
alms
aloft
alone
along
aloof
aloud
also
altar
alto
altos
alum
always
am
amass
amaze
amazing
ambit
ambition
amble
ambulant
amen
amend
amiably
amicably
amid
amide
amiss
among
amount
amp
ample
amps
amulet
amuse
amuses
ana
anaconda
anagram
anatomy
anchor
anchovy
ancient
and
android
anew
angel
anger
angle
angling
angora
angst
animal
animus
anion
anions
ankle
annotate
announce
annoy
annoyed
annoying
annual
annually
annul
anode
anodyne
anomic
anon
ant
antic
ants
anvil
anxiety
any
anyone
anything
aorta
apace
apart
apathy
ape
aped
apes
apex
apologia
apology
appal
apparel
appeal
appear
append
appetite
applaud
apple
apply
appoint
approach
approval
approve
april
apron
aprons
apt
aqua
aquarium
aquatic
arc
arch
archer
archery
arcing
arcs
are
area
arena
arguably
aria
arid
arise
ark
arm
armchair
armed
armful
arming
armor
arms
army
aroma
arrange
arranger
array
arrays
arrival
arrow
arson
art
as
ash
ashy
aside
ask
asks
asp
aspic
aspirin
assume
at
ate
atlas
atoll
atom
atoms
atone
atop
atrial
attack
attacked
attic
attics
attitude
attract
auction
audacity
audio
audition
augur
august
auk
aunt
aunts
aura
aural
auto
autonomy
autumn
autumnal
avail
avenge
avenue
aver
average
avian
aviation
aviator
avid
avidity
avidly
avoid
avoiding
awake
awaken
award
aware
awash
away
awe
awed
awesome
awful
awfully
awing
awkward
awl
awls
awning
awry
axe
axes
axiom
axle
aye
azalea
babe
baby
babyhood
babyish
back
backache
backbone
backhand
backing
backlash
backpack
backs
backward
backyard
bacon
bad
bade
badge
badly
bag
bagpipe
baguette
bail
bait
bake
baker
bakery
baking
balance
balcony
bald
baldly
bale
bales
baling
ball
ballad
balloon
ballroom
balls
balm
balmy
balsa
bamboo
ban
banal
banana
band
bandage
bandanna
banded
bandit
bands
bane
bang
banged
banjo
bank
bankable
banker
banking
banquet
bans
bantam
bar
barb
barbecue
barbell
barbs
bard
bards
bare
bargain
barge
bark
barn
baroque
barrel
barren
barrier
barrow
bars
basal
base
baseball
bash
bask
bat
bate
bath
bathtub
batman
baton
baud
bawl
bay
bays
beach
beacon
bead
beagle
beak
beaker
beam
bean
beans
bear
beat
beaver
because
beckon
bed
beds
bedtime
bee
beef
beeline
been
beep
beeps
beer
beers
bees
beeswax
beet
beetle
befit
before
beg
began
beggar
begin
beginner
begs
begun
behave
behind
beige
being
belch
belief
believe
bell
bells
belly
bellyful
belong
beloved
below
belt
bench
bend
bends
benefit
bent
beret
berries
berry
berserk
berth
beset
beside
besiege
besieged
best
bet
beta
bets
better
between
beverage
bevy
beyond
bias
bib
bible
bibs
bicycle
bid
bide
bides
biding
bids
biennial
bier
big
bike
biker
bile
bill
billable
billiard
billion
bin
binary
bind
bingo
bins
bio
biology
bionic
birch
bird
birth
biscuit
bishop
bison
bisque
bit
bite
bits
bitter
black
blame
bland
blank
blanking
blare
blaze
blazer
blazes
bleach
bleak
bled
bleed
bleep
bleeps
blemish
blend
bless
blew
blind
blink
blinker
blip
blips
blizzard
blob
bloc
blond
blood
bloody
bloom
blot
blouse
blow
blown
blue
bluebell
bluer
blues
bluff
bluffing
bluish
blunt
blur
blurry
blurt
blush
boa
boar
boat
boatload
bob
bobs
bod
bode
bodes
body
bog
bogging
boggling
bogs
boil
boils
bold
bolt
bomb
bond
bone
boned
bonus
bony
boo
book
bookable
booklet
bookmark
books
bookshop
bookwork
bookworm
boom
boon
boot
bop
bore
borer
born
borne
boss
bosses
bot
botany
both
bother
bottle
bottom
bouncing
bound
bouquet
bout
boutique
bow
bowel
bower
bowl
box
boxer
boxing
boy
boyish
boys
bra
brace
brag
braid
brain
brainy
brake
bran
branch
brand
bras
brat
brave
braver
bravery
brawn
bray
braze
break
bred
breed
brew
brewer
brewery
bribe
bribed
bridal
bride
bridge
bridle
brief
briers
brig
bright
brim
brine
bring
bringing
brink
briny
broach
broccoli
broil
broke
broken
broker
bronze
brood
brook
broom
broth
brother
brow
brown
brunch
brush
brute
buck
bucket
bud
budge
budget
buds
buff
buffalo
buffet
bug
bugle
bugler
build
building
bulb
bulge
bulk
bull
bulldog
bullet
bulls
bully
bum
bumble
bumbling
bump
bumper
bums
bun
bunch
bundle
bung
bungee
bunk
bunker
bunkers
bunks
buns
bunting
buoy
buoys
bur
burden
burger
burgle
buried
burin
burly
burn
burned
burns
burp
burr
burrow
burs
bury
bus
bush
busk
busker
bust
busts
busy
busybody
but
butcher
butler
butt
butter
buttery
button
buy
buyer
buys
buzz
buzzer
by
bye
byte
cab
cabal
cabals
cabbage
cabin
cable
cabs
cache
cackle
cacti
cactus
cad
cadence
cadenced
cafe
caffeine
cage
cairn
cake
caked
cakes
calf
call
callable
caller
calling
calls
calm
calmer
calms
calve
cam
came
camel
cameo
camera
camp
camps
cams
can
canal
cancel
candy
cane
caned
canes
canine
caning
cannon
canny
canoe
canon
canons
canopy
cans
canyon
cap
capable
capably
capacity
cape
capes
capital
caps
capsule
captain
car
caramel
carat
caravan
card
cards
care
career
carefree
carer
cargo
caribou
caring
carnival
carol
carols
carp
carpal
carrier
carrot
carry
cars
cart
carving
case
cased
cases
cash
casing
casino
casinos
cask
casks
cast
castaway
casual
casually
cat
catacomb
catapult
cation
cats
causal
cause
caused
causing
caution
cave
caved
caver
cavern
caving
cavity
cay
cease
ceased
ceases
cede
ceded
ceding
ceil
ceiling
celery
cell
cellar
cello
cement
cemented
censer
censure
cent
center
cents
century
ceramic
ceremony
cerise
certify
cess
chain
chains
chainsaw
chair
chairman
chalk
chalks
change
changing
channel
chaos
chap
chapel
char
charcoal
charm
chars
chart
chat
cheap
cheat
check
checking
checkout
cheek
cheekily
cheeky
cheep
cheer
cheery
cheese
cheetah
chef
chefs
cherish
cherry
chess
chessmen
chest
chew
chic
chick
chicken
chide
chief
chiefs
child
childish
chill
chilled
chime
chimes
chimney
chin
china
chino
chins
chip
chipmunk
chips
chirp
chit
chits
chock
chocks
choir
choirs
choke
choked
chokes
chop
choral
chord
chordal
chore
chores
chorus
chose
chroma
chromium
chronic
chuckle
chuckled
chug
chum
chump
chunk
churn
churned
cicada
cider
cigar
cilia
cinch
cine
cinnamon
cipher
circa
circle
circlet
circuit
circular
cite
cited
cites
citing
citizen
citric
citron
city
civil
civilian
civilise
civilize
clad
claim
claims
clam
clams
clan
clang
clanging
clap
claps
clarify
clarity
clash
clasp
class
classify
classy
clausal
clause
claw
clay
clays
clean
clear
cleat
cleavage
cleave
clef
cleft
clemency
clement
cleric
clerk
click
clicking
cliff
climatic
climax
climb
climber
cling
clinic
clink
clip
clips
cloak
clock
clod
clog
clone
clones
close
closet
clot
clots
cloud
clouded
clout
clouts
clove
clover
cloy
club
clubbing
clubroom
clue
clued
clues
clump
clung
clutch
coal
coals
coast
coat
coats
cob
cobra
coca
cock
cocks
cocktail
cocoa
coconut
cod
coda
coddle
code
coded
codes
coed
coercion
coffee
coffer
cog
coil
coiled
coils
coin
coincide
coining
coins
coke
col
cold
colic
collage
collar
collect
college
collide
colon
colonial
colonize
colony
color
colossal
colt
colts
column
coma
comas
comb
combat
combine
come
comeback
comedy
comer
comes
comet
comfort
comic
coming
comma
command
commando
commend
comment
common
commonly
communal
commute
compact
company
compass
compel
compete
compile
complete
complex
comply
compose
compost
compound
compute
con
conceal
conceive
concept
concern
concert
concerto
cone
coned
cones
confer
confirm
confocal
confront
confuse
conga
conic
conics
conjoin
conjoint
conjugal
conjunct
conjure
connect
connive
cons
contact
contain
content
context
contour
control
convert
convey
conveyor
convince
convoy
cook
cookbook
cooked
cooker
cookery
cookie
cooking
cooks
cool
cools
coop
coops
coot
cop
cope
coped
copes
copied
copse
copy
copycat
coral
corals
cord
cords
corduroy
core
cores
cork
corks
corn
corner
cornice
corns
corolla
corona
correct
corridor
corrupt
corset
cosiness
cost
cosy
cot
cots
cottage
cotton
couch
couching
cougar
cough
could
count
country
county
coup
coupe
coupon
course
court
cousin
cove
cover
covert
covet
cow
coward
cower
cowl
coy
crab
crabs
crack
cracker
craft
crag
cram
cramp
crane
crash
craving
crawl
creak
cream
credit
credo
creed
creeds
creek
creep
creeps
crepe
crept
crest
crested
crevice
crew
crewed
crib
cricket
cried
crier
cries
crime
criminal
crimp
crimping
crimson
cringe
crisp
crisply
crispy
critic
critical
crochet
crone
crony
crook
crooks
croon
crop
crotch
crotchet
crow
crowbar
crowd
crown
crucial
crude
cruder
cruel
cruelty
cruet
cruise
crumb
crumble
crumple
crunch
crunched
crush
cry
crying
crypt
cryptic
cub
cube
cubes
cubing
cubit
cubs
cucumber
cud
cuddle
cue
cued
cues
cuff
cuing
cuisine
culprit
cult
cults
cultural
culture
cup
cupidity
cups
cur
curb
curd
cure
cured
curer
cures
curial
curies
curing
curio
curl
curls
curly
currant
currency
curry
currying
curs
curse
cursor
cursory
curt
curve
cushion
cusp
cusps
custom
cut
cute
cuter
cutlery
cutlet
cuts
cycle
cycled
cyclone
cymbal
cymbals
cynic
cynicism
cynics
cyst
dab
dabs
dace
dad
dado
daffodil
daft
daily
dairy
dais
daisy
dally
dam
damage
damaged
damaging
dame
dams
dance
danced
dancer
dancing
dandy
dank
dare
dark
darkroom
darn
dart
dash
data
date
dated
daub
daunt
dawdle
dawn
day
daylight
days
dazzling
dead
deaden
deaf
deal
deals
dear
debit
debt
debug
debut
decade
decades
decant
decay
decease
deceased
deceit
deceive
deceiver
decent
decide
deciding
deck
decks
decline
decode
decor
decoy
decree
decreed
decrees
decry
deed
deeds
deem
deep
deeper
deer
defeat
defeated
defect
defected
defend
defer
defied
defining
deflect
deform
deft
degree
deign
deigns
delete
deleted
delight
delve
demand
demo
demon
demos
demur
den
denim
dens
dense
denser
dent
deny
deplete
depleted
deploy
depress
derive
descend
desert
deserve
design
desire
desk
detect
detected
deter
deters
detest
detested
develop
device
devolve
devote
devotee
dew
dews
dewy
dhow
diagram
dial
dials
diamond
diary
dice
diced
dicing
diction
did
die
died
dies
diet
differ
differed
diffuse
dig
digit
digital
dignity
digs
dike
dill
dilly
diluting
dim
dimer
diminish
dimly
din
dinar
dine
dined
diner
dines
dingo
dining
dinky
dinner
dint
dints
dip
dips
dire
direct
dirge
dirt
dirty
disc
discard
disco
discord
disease
disgust
dish
distant
distinct
district
distrust
diva
divan
divas
dive
dived
diver
dives
divide
divided
dividend
divine
divined
diving
division
divisive
do
dock
docking
docks
dockyard
doctor
dodge
dodo
dodos
doe
doer
does
dog
dogfight
dogs
dogsbody
doily
doing
dole
doled
doll
dollar
dolly
dolphin
dolt
domain
dome
domes
dominion
domino
don
donation
done
dong
donor
donors
dons
doom
dooms
doomsday
door
doors
dopes
dose
doses
dot
dote
doted
dots
double
doubt
doubtful
dough
doughnut
dour
dove
dowel
down
downhill
download
downs
downwind
doyen
doze
dozen
drab
drag
dragon
dragoon
drain
dram
drama
drank
drape
draught
draw
drawback
drawl
drawn
dray
dread
dream
dreamy
drear
drench
drenched
dress
dresser
dressy
drew
dribble
dried
drier
dries
drift
drifting
drill
drink
drinking
drip
drive
driving
drizzle
droll
droop
drop
drove
drug
drum
drummer
drunk
dry
drying
dryness
dual
dub
dubs
duck
ducking
duckling
duct
dud
due
duel
duels
dues
duet
duff
dug
dugout
duke
dull
duly
dump
dumping
dun
dunce
dune
dunes
dung
dungeon
dunk
duo
duologue
duos
dupe
duped
during
dust
dusts
dusty
duty
dwarf
dwell
dweller
dyad
dye
dyed
dyer
dyers
dyes
dying
dynamic
each
eager
eagle
ear
eared
earl
early
earn
earner
ears
ease
eased
eases
easier
easy
eat
eaten
ebb
ebony
echo
ecology
economic
economy
edge
edges
edgy
edict
edit
eel
eels
eerie
effect
egg
eggs
ego
egoist
egos
eider
eight
eighth
eights
eighty
either
eke
elan
elate
elbow
elder
eldest
elect
elects
elegance
elegant
element
eleven
elf
elicit
eligible
elk
elks
ell
elm
elms
elope
eloped
else
email
embed
ember
embers
emery
emit
emote
emperor
empire
employ
employee
empty
emu
emus
enact
encase
enclave
enclose
encore
end
ended
endemic
ending
endless
ends
enemy
energy
enforce
engage
engine
engines
english
enigma
enjoy
ennui
enough
enrage
ensign
ensue
ensues
ensuing
ensure
enter
entered
entire
entirety
entity
entree
entry
envelop
envelope
envied
envies
envoy
envy
eon
eons
epic
epics
equal
equality
equate
equated
equine
equip
equips
equity
era
eras
erase
erect
erected
erects
erg
ergo
erode
err
erred
erring
error
errs
erupt
escort
espy
ester
eta
etch
eternity
ethic
evade
eve
even
evening
evenly
evens
event
events
ever
every
everyday
everyone
eves
evidence
evil
evils
evince
evinced
evolve
evolved
ewe
ewes
exam
examine
example
exceed
except
excepted
exchange
excite
excited
exert
exhibit
exile
exist
exit
exited
exits
expect
expected
expel
explicit
explode
exploit
explore
extend
extent
extol
eye
eyebrow
eyed
eyelet
eyes
fable
fabric
facade
face
faced
facet
facia
facial
facility
facing
fact
facts
factual
faculty
fad
fade
faded
fadeout
fail
fails
faint
fainting
faintly
faints
fair
fairly
fairway
fairy
faith
faithful
fake
faking
falcon
fall
fallout
falls
fame
familial
familiar
family
famine
famous
fan
fanciful
fancy
fancying
fandango
fanfare
fang
fans
fantasia
fantasy
far
farad
faraway
farce
farcical
fare
faring
farm
farmer
farming
farmland
farmyard
fashion
fast
fasts
fat
fatal
fate
fated
fatigue
fats
fault
faulty
fauna
fawn
fear
feat
february
fed
fee
feed
feeder
feel
feeling
feels
fees
feet
feign
feigning
feint
feline
fell
fellow
felt
female
feminism
fen
fence
fencer
fencing
fend
fending
fens
feral
ferment
fern
ferns
ferret
ferry
fest
festive
fete
feted
fetes
feud
feuds
fever
few
fewer
fiance
fiancee
fiat
fiber
fiche
fiches
fickle
fiction
fiddling
fief
fiefs
field
fiend
fierce
fiercer
fierier
fiery
fife
fifes
fifteen
fifth
fiftieth
fig
fight
fighter
fighting
fights
figment
figs
figure
figuring
file
filed
filer
files
filing
fill
filled
filler
fills
filly
film
films
filth
fin
final
finale
finality
finalize
finally
finance
find
finder
finding
fine
fined
finer
fines
finger
finial
fining
finish
finite
fins
fir
fire
firebox
fired
firefly
fireman
firer
fires
firework
firing
firm
firs
first
fiscal
fish
fishery
fishing
fishwife
fishy
fist
fists
fit
fitful
fitly
fits
five
fives
fix
fixed
fixer
fixes
fixture
flack
flag
flagella
flags
flair
flak
flake
flaking
flame
flan
flank
flanking
flap
flapjack
flappy
flare
flat
flaw
flay
flea
fleck
fled
flee
fleeing
flees
fleet
flesh
flew
flexible
flexibly
flick
flicker
flicking
flier
flies
flight
flimsy
fling
flinty
flip
flips
flit
float
floaty
floe
floes
flog
flood
floodlit
floor
flop
flora
floral
florist
floss
flour
floury
flout
flow
flower
flowery
flu
flue
fluency
fluent
fluently
flues
fluff
fluffier
fluffing
fluke
flung
flurry
flush
flute
flutter
flux
fly
flyer
flywheel
foal
foam
foams
fob
focal
foci
focus
focused
foe
foes
fog
foil
foils
foist
fold
folder
folds
foliage
folios
follow
follower
folly
fond
font
food
foods
fool
foolish
fools
foot
footnote
foots
footstep
for
forbid
force
ford
fore
forego
foregone
forest
forever
forge
forget
forgive
forgo
forgone
forgot
fork
form
formal
formed
former
formerly
formula
fort
forte
forth
forts
forum
forward
fossil
foster
foul
foully
found
foundry
fount
four
fours
fourth
fowl
fox
foxy
fragrant
frail
frame
framing
france
frank
frankly
fray
freckle
free
freed
freedom
freer
frees
freeze
freezing
freight
french
freon
frequent
fresh
freshen
freshmen
fret
frets
friar
friction
friday
fried
friend
fries
fright
frigid
frill
fringe
fringing
frog
from
front
frost
froth
froze
frozen
fruit
fruitful
fruity
fry
fryer
fuel
fuels
fug
fugal
full
fuller
fully
fume
fuming
fun
function
fund
fungi
fungus
fur
furious
furry
furs
further
fury
fuse
fused
fusion
fuss
gable
gad
gaff
gag
gaggle
gags
gain
gains
gait
gaits
gala
galactic
gale
gales
gall
gallery
galls
gamble
game
games
gaming
gamma
gang
gangrene
gangs
gaol
gap
gape
gapes
gaps
garage
garb
garbage
gargle
garish
garland
garlic
gas
gases
gash
gashing
gasp
gasps
gate
gating
gauge
gaunt
gave
gavel
gaze
gazelle
gazing
gear
geared
geese
gel
gels
gem
gems
gene
genera
genes
genesis
genetic
genial
genic
genie
genii
genius
genre
gentle
genus
geologic
geology
germ
get
gets
ghost
giant
gibbon
gibed
gibes
gift
gifts
gig
gigantic
giggling
gilding
gill
gills
gilt
gilts
gin
gins
ginseng
giraffe
gird
girl
giro
girt
gist
give
given
giver
glace
glad
glamour
glance
glancing
gland
glare
glass
glassful
glaze
gleam
glean
glee
glen
glib
glibly
glide
gliding
glint
glitter
glittery
glob
global
globally
globe
gloom
gloomy
glorify
glory
glow
glue
glued
glues
gluing
glum
gluon
glut
gnash
gnashing
gnat
gnaw
gnu
gnus
go
goad
goaded
goal
goat
gobble
goblin
god
godhead
godlike
gods
goer
goes
goggles
going
gold
golden
golf
gone
gong
good
goodbye
goods
goodwill
goody
gore
gorilla
gory
gosh
gospel
got
goth
gourd
gout
gown
grab
grade
grader
gradual
graffiti
graft
grail
grain
gram
grammar
grand
grange
grant
graph
graphic
gratify
grave
gravel
gravity
gray
greed
green
greener
greenery
grew
grey
greyer
grid
grief
grill
grim
grin
grind
grins
grip
grit
gritty
groan
grocer
grocery
groin
groins
groom
grooving
ground
grout
grove
grow
grown
growth
grub
gruel
grumble
guano
guard
guava
guess
guest
guests
guild
guile
guilt
guilty
guitar
gulf
gulfs
gull
gulls
gulp
gulping
gum
gums
gun
gunfight
gunfire
gunned
guns
gurgle
guru
gust
gusts
gut
guts
guttural
guy
guys
gym
gymkhana
gymnast
gyms
habit
habitat
hack
hacks
had
haft
hag
hail
hailing
hails
hair
haircut
hairpin
hairs
hale
half
hall
hallmark
hallows
halls
halo
halt
ham
hammer
hammock
hams
hand
handbag
handball
handbook
handcuff
handed
handful
handhold
handle
handmade
hands
hang
hanging
hangings
hangout
hangs
happen
happened
happily
happy
hard
hardrock
hardwood
hare
harem
harm
harmful
harmony
harms
harp
harry
has
hasp
hat
hatch
hatchway
hate
hatful
hating
hats
haul
hauls
haunt
have
haven
having
havoc
hawk
hay
hayloft
haze
head
headache
headband
headway
heady
heal
healer
health
heap
heaped
hear
heat
heath
heatwave
heave
heaven
heckle
heed
heel
heft
hegemony
height
heights
heir
heirs
held
hell
hello
helm
helmet
helms
help
helpful
helpline
hem
hems
hen
hence
henge
hens
her
herb
herbal
herd
herded
here
hereby
hero
herring
hers
hew
hewing
hewn
hex
hexagon
hexagram
hey
heyday
hi
hickory
hid
hidden
hide
hideaway
hideout
hiding
high
highbrow
highest
highland
highs
highway
hike
hikes
hiking
hill
hilltop
hilt
hilts
him
himself
hind
hinge
hinges
hint
hinting
hip
hips
hire
hirer
hires
his
hiss
hissing
history
hit
hitch
hits
hive
hives
hoar
hoard
hoax
hob
hobby
hobs
hock
hocks
hod
hoe
hog
hogs
hold
holding
holds
hole
holiday
hollow
hologram
holy
homage
home
homed
homepage
homes
homework
hone
honed
honey
honeyed
honk
honks
honor
hood
hoods
hoof
hoofs
hook
hooks
hooligan
hoop
hoops
hoot
hoots
hop
hope
hopeful
hoping
hopping
hops
horizon
hormone
horn
hornet
horns
horribly
horrific
horse
hose
hosed
host
hot
hotbed
hotdog
hotel
hotly
hots
hotter
hound
hour
hours
hove
hover
how
however
howl
howls
hub
hubs
hue
hues
huff
hug
huge
hugs
hulk
hull
hum
human
humane
humanism
humanize
humans
humble
humbling
humid
humidity
humility
humor
hump
hums
hundred
hung
hungry
hunk
hunt
hunter
hurdle
hurl
hurled
hurt
hurtful
husband
hustle
hut
huts
hybrid
hyena
hygienic
hymn
hymns
ice
iceberg
iced
ices
icicle
icier
icing
icon
iconic
icons
icy
idea
ideal
idealize
ideas
idiom
idle
idled
idlers
idles
idling
idly
idol
idols
ids
if
ifs
igloo
ignition
ignore
ignoring
iguana
iiss
ilk
ill
illness
ills
illusion
image
imagine
imbibing
immobile
immoral
imp
imperium
implicit
imply
implying
import
improve
imps
impure
in
inane
inbound
incant
incense
inch
inching
incident
incisor
incited
income
incoming
incur
indent
india
indict
indicts
indigo
indoor
indoors
inept
inert
infamy
infancy
infant
infect
infer
inferno
infill
infinite
infinity
inform
infringe
infusion
ingoing
ingot
ingrown
inhabit
inhaling
inherit
iniquity
initial
injure
injuring
injury
ink
inked
inking
inks
inky
inlaid
inland
inlay
inlet
inn
innate
inner
innings
innocent
inns
innuendo
input
inquire
inquired
inquirer
inroad
ins
inset
insignia
insomnia
instinct
intend
intense
intent
inter
intern
into
intro
inure
inured
invalid
invasion
invent
invert
invite
invited
invoice
invoking
involve
inward
iodine
ion
ionic
ions
iota
iran
ire
iris
irk
irks
iron
ironic
ironing
irons
irony
is
island
isle
isles
issue
it
italic
itch
itching
itchy
item
itemize
itemized
its
ivies
ivory
ivy
jab
jack
jackal
jackboot
jackpot
jade
jag
jail
jam
january
jar
jasmine
jaunt
jaw
jawbone
jawline
jaws
jay
jeans
jeer
jeers
jell
jelly
jest
jester
jet
jets
jewel
jeweller
jig
jigs
jigsaw
jingle
jive
job
jog
join
joint
jolly
jot
journal
journey
joy
joyed
joyful
joyfully
joyride
judge
judges
jug
juggle
juggler
jugs
juice
july
jump
jumps
jumpsuit
june
jungle
juniper
junk
junkyard
junta
jury
just
jut
jute
juts
juvenile
kale
kangaroo
kart
kebab
keel
keels
keen
keep
keeps
keepsake
keg
kegs
kelp
ken
kept
ketch
ketchup
kettle
key
keyed
keyhole
keynote
keypad
keyring
keys
kick
kickback
kid
kidney
kids
kill
killer
kiln
kilos
kilowatt
kilt
kin
kind
kindle
king
kingdom
kings
kins
kinship
kiss
kit
kite
kith
kits
kitten
kiwi
kiwis
knee
kneel
knees
knell
knew
knife
knight
knit
knitting
knob
knobs
knock
knockout
knot
know
knowing
known
krill
lab
label
labels
labile
labs
lace
laces
lacing
lack
lacking
lacks
lad
laden
lading
lads
lady
lag
lager
lagging
lagoon
lags
laid
lain
lair
lairs
laity
lake
lama
lamb
lambs
lame
lamp
lance
lancing
land
landlady
landlord
landmark
lands
landward
lane
language
lank
lanky
lanyard
lap
laps
lapse
larch
lard
large
largely
lark
larva
lash
lass
last
late
latent
lath
lathe
laud
laundry
laurel
lava
lavas
lavatory
law
lawful
lawfully
lawn
laws
lawyer
lax
lay
layer
layout
lays
laze
lazed
lazing
lea
leach
lead
leads
leaf
leak
lean
leaner
leant
leap
leaps
learn
learner
leave
leaven
lecture
led
ledge
lee
leech
leek
leer
leers
lees
left
leg
legacy
legal
legate
legend
legible
legibly
legs
lemma
lemming
lemon
lend
lends
length
leniency
lens
lent
lentil
leper
less
lessen
lest
let
lets
lettuce
lever
levy
lewd
lexical
lexicon
liable
liar
liars
libel
liberty
library
lice
license
lichee
lick
licking
licorice
lid
lido
lids
lie
lied
lien
liens
lies
lieu
life
lifeline
lift
ligand
light
lighted
lighting
lights
likable
like
liked
likelier
likely
liken
likes
likewise
liking
lilac
lilt
lilting
lily
limb
limber
limbo
limbs
lime
limes
liming
limit
limp
limping
limply
limps
line
lineage
lined
linen
liner
lines
lingo
lining
linings
link
linked
lino
lint
lion
lions
lip
lips
liquid
liquor
lira
lire
lisp
lisping
list
lists
lit
lite
liter
lithe
lithium
litter
little
live
liven
liver
livers
lives
livid
living
lizard
llama
load
loaf
loam
loan
loans
loath
lob
lobe
lobed
lobes
local
locale
localize
locals
loci
lock
locus
locust
lode
lodge
loft
lofts
lofty
log
logging
logic
logical
logo
logs
loin
loins
lollipop
lone
lonely
loner
loners
long
longbow
longed
look
looking
lookout
loom
looms
loon
loop
loophole
loot
loots
lop
lope
loped
lopes
loping
lopped
lopping
lord
lore
lorry
lose
loser
loss
lost
lot
loth
lotion
lots
lottery
lotus
loud
louder
lounge
louse
lout
louts
lovable
love
loved
lover
loving
low
lower
lowly
lows
loyal
loyalty
lucid
luck
lucky
lucre
ludo
lug
luggage
lugging
lugs
lull
lullaby
lumber
lump
lumping
luna
lunar
lunch
luncheon
lune
lung
lunge
lunges
lungs
lupin
lure
lured
lures
lurk
lush
lust
luster
lute
lychee
lye
lying
lyre
lyres
lyric
lyrical
lyrics
mace
macho
macro
mad
madden
made
magazine
magi
magic
magical
magician
magma
magnolia
magpie
mahogany
maid
mail
mailbox
mails
maim
maims
main
mainland
mains
maintain
maize
major
make
maker
making
male
malign
mall
malt
man
manage
mandarin
mane
manfully
mango
manhood
mania
maniac
manic
manikin
mankind
manly
manned
manner
manor
mansion
manual
manually
many
map
maple
maps
mar
march
mare
margin
marital
mark
marker
marking
maroon
marry
mars
marsh
marshal
mart
martial
marvel
marzipan
mascot
mash
mason
mass
massage
massive
mast
mastic
mastiff
mat
mate
math
matrix
mats
matt
maturity
maul
mauve
maw
max
maxim
maximize
maximum
may
mayor
maze
me
mead
meadow
meal
mean
meaning
means
meant
meat
meaty
media
medicine
medium
medley
meet
meeting
mega
megawatt
melanoma
meld
mellow
mellower
melody
melon
melt
member
memento
memo
memoir
memorize
memory
men
mend
mention
mentor
menu
mercury
mercy
mere
merge
meringue
merit
merry
mesh
meshes
meson
mess
message
messing
met
metal
mete
meted
meteor
meter
method
metonymy
metric
mew
mica
mice
micro
microbe
mid
middle
middling
midi
midline
midnight
mien
might
mighty
mild
mildly
mile
mileage
miles
mill
mime
mimes
miming
mince
minced
mincer
mincing
mind
minder
minds
mine
mined
miner
mines
mingle
minim
minimal
minimise
mining
ministry
mink
minks
minor
minors
mint
mints
minuet
minus
minute
mirage
mire
mired
mires
mirror
mirth
mischief
miser
miss
missile
missing
mission
mist
mistook
mists
misty
mite
mitten
mix
mixer
mixture
moan
moans
moat
moats
mob
mobile
mobility
mobs
mock
mocks
modal
mode
model
modem
modes
module
moist
molar
mold
mole
molecule
moles
molt
mom
moment
momentum
moms
monarch
money
monition
monitor
monk
monkey
monkfish
monkish
monks
mono
monocle
monomer
monopoly
monotone
month
monthly
mood
moods
moon
moonbeam
moonlit
moons
moor
moors
moose
moot
mop
mope
mopes
mops
moral
more
moreover
mores
morn
morning
morns
morpheme
morsel
mosquito
moss
most
mostly
motel
motes
moth
mother
moths
motion
motivate
motive
motor
motto
mould
moult
mound
mount
mountain
mourn
mouse
mouthful
movable
move
movement
mover
movie
moving
movingly
mow
mowed
mower
mown
mows
much
muck
mud
mudguard
muds
muff
muffin
muffling
mug
mugs
mulberry
mule
mules
mull
multiply
mum
munch
munching
mundane
mural
murder
muscle
muse
muses
museum
mush
mushroom
music
musical
musician
mussel
must
musts
mutant
mutants
mute
mutiny
mutter
mutton
mutual
my
myself
mystery
mystic
myth
mythic
myths
nacho
nadir
nag
nags
nail
nailing
nails
naive
name
named
naming
nap
nape
napkin
napped
nappy
naps
narrator
narrow
nasty
natal
nation
national
native
nativity
natural
naught
nausea
naval
nave
navel
navy
nay
near
nearby
nearer
neat
neck
necklace
nee
need
needle
needs
needy
negate
neigh
neon
neoprene
nephew
nerd
nerve
nest
nestle
net
nets
nett
neuter
never
new
newborn
newer
newest
newish
news
newt
next
nib
nibs
nice
nicely
nicer
niche
nick
niece
nieces
nigh
night
nil
nimbus
nine
nines
nineteen
ninth
nip
nipple
nips
nit
nits
no
nobility
noble
nobly
nobody
nod
nodal
node
nods
noes
nohow
noise
noises
nomad
nomadic
nominal
none
nonsense
noodle
nook
nooks
noon
noose
nor
norm
normal
norms
north
norway
nose
noses
not
note
notebook
nothing
notice
noticing
notify
noting
notion
nougat
noun
nouns
nourish
nous
nova
novel
novella
novelty
novice
now
nuance
nub
nude
nudes
nudge
nugget
null
nullify
nulls
numb
number
numbs
nun
nuns
nurse
nursery
nurture
nut
nuts
nutty
nuzzling
nylon
oaf
oak
oar
oars
oasis
oat
oath
oatmeal
oats
obelisk
obey
object
objector
oblivion
oblong
oboe
obsessed
obtain
occasion
occluded
occupied
occur
occurs
ocean
ochre
ochres
octagon
odd
odder
odds
ode
odes
odor
odour
of
off
offer
offers
office
officer
official
offset
offshoot
offshore
offside
often
ogle
ogled
ogling
ogre
ohm
ohms
oil
oilier
oils
oily
old
olden
older
olive
olympic
omelet
omen
omens
omission
omit
omits
omnibus
on
once
oncoming
one
oneness
ones
oneself
onion
online
only
onrush
onto
ontogeny
onus
oops
opacity
opal
opals
open
opener
opening
openly
opens
opera
opine
opinion
opium
opponent
oppose
opt
optic
optimism
optimize
optimum
opting
option
opts
or
oracle
oral
orally
orange
orator
oratorio
orb
orbit
orbs
orchard
ordain
order
ordinary
ore
ores
organ
orgy
origami
origin
origins
ostrich
other
otter
ought
ounce
ounces
our
ours
oust
out
outback
outcome
outcry
outdo
outdoor
outfall
outgoing
outing
outlast
outlay
outlook
outplay
outrun
outs
outsize
outwit
ova
oval
ovary
oven
over
overall
overcome
overcook
overdo
overkill
overlook
overrode
overs
oversee
overt
overview
overwork
owe
owed
owes
owing
owl
owls
own
owner
owning
owns
oxen
oxford
oyster
ozone
pace
pacifism
pack
package
pact
pad
paddle
paddy
paella
pagan
page
pages
pagoda
paid
pail
pain
painful
pains
paint
pair
pairs
pal
palace
pale
paled
pall
pallor
palls
palm
pals
pan
pancake
panda
pandora
pane
pang
panic
panning
panorama
pans
pant
papa
papal
paper
paprika
papyrus
par
parabola
parade
paradox
paraffin
paragon
parallel
paranoia
paraquat
parasol
pardon
pare
pared
park
parka
parkland
parrot
parry
parsnip
parson
part
pass
passage
passive
past
pasta
pat
pate
path
pathway
patina
patio
pats
pave
paves
paw
pawn
paws
pay
payable
payback
payed
payer
paying
payroll
pays
pea
peach
peacock
peak
peaks
peal
pear
pearl
peas
peat
pecan
peck
pedal
peddle
peel
peeled
peeling
peels
peep
peeped
peephole
peer
peered
peers
peg
pegs
pelt
pelted
pen
pence
pencil
pending
penguin
penitent
penology
pens
pensive
pent
people
peopled
pepper
peppered
per
perceive
perch
perfect
perform
perfume
period
perjure
perjured
perk
perm
permit
perms
person
pert
peruse
pest
pester
pests
pet
petite
pets
petty
pew
phantom
phoenix
phone
physics
physique
piano
pica
pick
picked
pickle
pie
piece
pied
pier
pierce
piercing
piers
pies
pig
pigeon
piglet
pigment
pigs
pigskin
pigtail
pike
piked
pile
pilgrim
piling
pill
pillow
pills
pilot
pimple
pin
pincer
pinch
pinching
pine
pined
pines
ping
pining
pink
pinkish
pinks
pinned
pinning
pinpoint
pins
pint
pioneer
pip
pipe
pipeline
piper
piping
pipit
pips
pique
piracy
pit
pitch
pitching
pith
pits
pity
pivot
pivoting
pixel
pizza
pizzeria
placard
place
placid
plague
plaid
plain
plait
plan
planar
plank
planning
plant
plat
play
playback
playful
plea
plead
plight
plod
plop
plopping
plot
plow
ploy
plug
plugging
plum
plumb
plumber
plume
pluming
plump
plumping
plus
plush
ply
plying
pocket
pod
podgy
pods
poem
poems
poet
poetry
poets
point
poison
poke
poked
poker
pokes
polar
pole
poled
polemic
poles
police
policy
polio
polish
polite
politic
poll
pollen
polls
pollute
polo
polonium
polygon
pond
pony
pool
poop
poor
pop
popcorn
pope
popes
poplar
popping
pops
popular
porch
pore
pored
pores
pork
port
portion
pose
posed
poser
poses
posh
posit
posse
post
posy
pot
potato
potent
potion
pots
pottery
potty
pouch
poultry
pound
pour
pout
powder
power
pox
prairie
pram
prank
prawn
pray
prayer
prays
precede
preceded
preen
prefect
prefer
prefix
prejudge
premier
premiere
premium
prepare
preparer
presence
preset
press
pressed
presume
pretence
pretend
pretty
prevent
preview
prey
price
pricing
pride
pried
pries
prig
prim
primacy
primal
primary
prime
priming
prince
print
prior
priority
prise
prism
prison
privacy
privy
prize
prized
pro
probe
probity
problem
prod
prodigy
profit
program
prohibit
project
prolong
prompt
promptly
prone
prong
pronoun
prop
propose
propound
props
pros
prose
protect
protocol
proton
proud
prove
proverb
prude
prune
pry
pub
public
publicly
publish
puce
puck
pudding
puffin
pug
pull
puller
pullover
pulp
pulping
pulps
pump
pumping
pumpkin
pun
punch
punching
punctual
punk
puns
punt
pup
pupa
pupal
pupil
puppet
puppets
pups
pure
puree
purer
purge
purged
purity
purple
purr
purred
purse
pus
push
put
puts
putter
puzzle
puzzling
pylon
pyre
quail
quaint
quaintly
quality
quanta
quantify
quantity
quarrel
quart
quarter
quash
queen
queens
quell
quelling
quern
quest
queue
queueing
queuing
quick
quickly
quiet
quietly
quill
quilt
quip
quips
quire
quit
quite
quits
quote
rabbit
rabble
rabid
raccoon
race
racer
racial
racing
rack
racy
rad
radar
radial
radical
radio
radon
raffia
raft
rag
rage
raged
raging
rags
raid
raids
rail
rails
railway
rain
rainbow
rainfall
raining
rains
rainy
raise
raisin
rake
raking
rally
ram
ramp
rams
ran
ranch
random
rang
range
ranger
rank
ranking
rant
rap
rapid
rapier
raps
rapt
rare
rarer
rascal
rash
rasp
raspy
rat
rate
rater
ratify
ratio
ravaging
rave
raved
ravel
raven
raver
raving
raw
ray
rayon
rays
raze
reach
read
ready
real
realize
really
realm
ream
reap
rear
rebel
rebels
rebirth
rebook
reburied
rebut
recall
recede
receded
recedes
receive
received
recent
recently
recipe
recoil
record
recorder
recover
recovery
recruit
recur
recurred
recycle
recycled
red
redden
redness
redo
redress
reds
reduce
reducer
redwood
reed
reeds
reef
reefed
reefs
reek
reel
reels
reeve
refer
referee
refereed
referent
referral
referred
refers
refile
refill
refine
refining
refit
reflect
reform
refresh
refund
refute
regal
regally
regard
reggae
regime
region
reify
reign
reigns
rein
reining
reins
rejoice
relay
relearn
relent
relic
relict
relief
relieve
relive
rely
remain
remap
remark
remember
remind
remit
remix
remodel
remote
remove
remover
renal
rend
rends
renege
renew
renounce
renown
rent
rented
renter
rents
reopen
reorder
repair
repay
repel
repent
repine
reprieve
reprise
request
require
rerun
rescue
resell
resemble
resend
reserve
reserved
reset
reside
resign
resin
resort
respire
rest
rested
restore
result
resume
retell
retest
retire
retold
retort
retro
retry
return
reuse
rev
revamp
revel
revenue
revere
revered
reveres
reverie
reverse
reversed
review
reviewer
revile
revise
revival
revive
revivify
reviving
revolve
revolved
revs
revue
rewire
rewiring
rework
rewrite
rhombus
rhythm
rhythmic
rib
ribbon
ribs
rice
rich
rick
rickety
ricks
rid
riddle
ride
rider
rides
ridge
riding
rids
rife
riff
rifle
rift
rifting
rifts
rig
right
rigid
rigs
rile
riled
riles
riling
rill
rim
rims
rind
rinds
ring
ringer
ringing
rings
rinse
riot
riots
rip
ripe
ripen
riper
ripping
rippling
rips
rise
risen
riser
rising
risk
risks
rite
rites
ritual
rival
rivals
river
rivet
roach
road
roam
roan
roar
rob
robe
robin
robot
robs
rock
rocker
rocket
rocks
rocky
rod
rode
rodeo
rods
roe
roes
rogue
role
roles
roll
rolls
roman
romp
romps
rondo
roof
roofs
rook
rooks
room
rooms
roost
rooster
root
roots
rope
roped
ropes
rose
rosin
roster
rosy
rot
rota
rote
rotor
rotors
rots
rotten
rough
roughing
round
rounds
rouse
rout
rove
roved
rover
roving
row
rowed
rower
rowing
rows
royal
royalty
rub
rubbish
rubs
ruby
rude
ruder
rue
rueful
ruefully
rues
ruff
ruffle
ruffs
rug
rugby
rugs
ruin
ruined
ruining
ruins
rule
rulebook
ruled
ruler
rulers
rules
rum
rumble
rump
rumps
run
runaway
rune
rung
runic
running
runs
runway
rupture
ruptured
rural
ruse
rush
rust
rustle
rusts
rusty
rut
ruts
rutted
rye
ryes
sable
sack
sacks
sacral
sad
saddle
safe
sag
saga
sagacity
sagas
sage
sages
sags
said
sail
sailor
sails
saint
sake
sakes
salary
sale
sallow
salmon
salon
salt
same
sand
sane
sang
sank
sap
saps
sash
sat
satin
satisfy
sauce
sauna
sausage
savant
save
saved
saves
saving
saw
sawing
sawn
saws
say
says
scab
scabbard
scalar
scale
scallop
scalp
scaly
scampi
scan
scans
scansion
scape
scar
scarab
scat
scene
scenes
scenic
scent
scheme
schemes
schizoid
scholar
sciatica
scone
scoop
scoot
scooter
scope
scorch
scorcher
score
scorer
scorn
scotch
scour
scout
scree
screed
screen
script
scuba
scum
scurry
sea
seafood
seagull
seal
seam
seams
seamy
sear
seas
seasick
seaweed
sec
secede
seceded
secret
secrete
secreted
sect
sector
sects
secure
sedge
see
seed
seeded
seeds
seeing
seek
seeking
seem
seems
seen
seep
seeps
seer
seers
sees
seize
seized
select
self
selfish
sell
seller
selling
sells
send
sender
senders
sends
senile
sense
sensed
senses
sent
sentence
sepia
sequence
sequent
serene
serenely
serf
serif
serious
serum
serve
served
server
service
servo
sesame
session
set
sets
sett
settee
settees
setts
seven
seventh
sever
severe
severed
severer
sew
sewn
sews
shabby
shack
shadow
shady
shake
shall
shallow
sham
shampoo
shank
shaving
shawl
she
shed
sheep
sheer
sheet
shelf
shell
shells
sheriff
shift
shin
shine
shines
shingle
shins
ship
ships
shirt
shiver
shivery
shoal
shock
shocked
shod
shoe
shoo
shook
shoot
shop
shore
shorn
short
shot
should
shout
show
showdown
shown
showroom
shred
shredded
shrimp
shrub
shrubs
shudder
shuffle
shun
shuns
shut
shuttle
shy
shyer
sibling
sic
sick
sickroom
side
sided
sides
sidle
siege
sieges
sieve
sift
sifts
sigh
sighs
sight
sign
signed
signer
signing
signs
silence
silk
sill
sills
silly
silo
silt
silts
silty
silver
similar
simile
similes
simmer
simplify
simply
sin
since
sincere
sine
sinew
sinful
sinfully
sing
singe
singed
singeing
singer
singes
singing
single
singling
sings
sink
sinning
sins
sinus
sinusoid
sip
sipping
sips
sir
sire
sired
siren
sirs
sisal
sit
site
sites
siting
sits
six
sixfold
sixth
sixtieth
size
sized
skein
skew
ski
skid
skied
skies
skiing
skim
skims
skin
skinny
skip
skipping
skirmish
skirt
skirts
skis
skit
skits
sky
skydive
slab
slack
slain
slam
slap
slaps
slash
slat
slay
slays
sled
sleek
sleep
sleet
sleigh
slew
slice
slid
slide
slider
slight
slily
slim
slime
slimes
slims
slimy
sling
slinging
slip
slit
slits
sliver
slob
slog
slop
slope
slot
sloth
slow
slug
slugging
slugs
slum
slums
slung
slur
slush
sly
smile
smiles
smirk
smock
smoke
smoked
smooth
smoothly
smote
smudge
smug
smuggle
snag
snail
snap
sneer
sneers
sneezing
snide
snip
snipe
sniping
snob
snobbish
snobs
snore
snorkel
snow
snowman
snub
snuff
snug
snuggle
so
soap
soaps
soar
sob
sobs
soccer
social
society
sock
sod
soda
sods
sofa
soft
softer
softwood
soil
soils
solar
sold
sole
solid
solidify
solo
solos
soluble
some
someday
somehow
someone
son
song
songbook
sonic
sons
soon
soot
sop
soprano
sordid
sore
sorrow
sorry
sort
sorter
sot
sought
soul
sound
sounds
soup
soups
sour
source
souse
south
sow
sown
soy
soya
spa
span
spar
spasm
spat
spatula
speak
spec
specific
specify
sped
speech
speed
speeds
spice
spicy
spies
spiking
spill
spilling
spin
spindly
spine
spinning
spiny
spire
spirit
spit
splash
splat
spoil
spoke
spoked
spoken
sponge
sponsor
spoon
spoons
spoor
spore
spot
spouse
sprain
spray
spree
spry
spun
spur
spy
squash
squeeze
squeezer
squirrel
staff
stag
staid
stain
stall
stand
stank
static
statical
station
stay
stays
steed
steel
steep
steer
steered
stem
step
steps
stereo
stern
stet
stew
stews
stick
stiff
stilt
sting
stint
stir
stirs
stock
stole
stomp
stood
stool
stoop
stop
store
story
stout
stove
stow
stowaway
street
strength
stretch
strict
strip
stroll
strut
struts
stub
stubs
stud
studio
studs
study
stump
stun
stung
stunt
stuntman
sturdy
sty
stylish
sub
subject
submit
submits
subs
subway
succeed
such
sudden
suddenly
suds
sue
sued
suede
sues
suet
suffer
suffix
suffixed
sugar
suggest
suing
suit
suite
suites
suits
sully
sum
summary
summer
summery
sumo
sums
sun
sunbed
sunburn
sung
sunk
sunroof
suns
sunshine
suntan
sup
super
supply
suppose
supreme
surd
sure
surf
surge
surgery
surround
survey
survival
survive
survivor
sushi
suspect
suspense
swab
swallow
swam
swamp
swan
swap
swaps
swat
sway
sweet
sweetest
sweets
swig
swim
swimmer
swimming
swims
swimsuit
swing
swish
swoon
sword
swum
symphony
symptom
syrup
tab
taboo
tacit
tack
tacked
tackle
tacky
taco
tacos
tact
tactual
tad
tag
tags
tail
tails
taint
taints
take
takeaway
talc
tale
talent
talk
talkback
tall
tally
tame
tamp
tan
tang
tangle
tango
tank
tanks
tans
tap
tape
taped
taps
tar
tariff
tarn
tarry
tart
task
tattily
tattle
tau
taunt
taunts
taut
tax
taxi
tea
teabag
teach
teak
teal
team
tear
tech
teds
tee
teed
teem
teemed
teeming
teen
teenage
teens
tees
teeter
teetered
teeth
teetotal
teletype
tell
teller
tellers
tells
temp
temper
tempest
temple
tempo
tempt
ten
tenant
tend
tendency
tender
tenet
tennis
tenon
tenor
tens
tense
tent
tenth
tents
tenure
term
termite
terms
tern
terns
terrific
terror
terry
terse
terser
test
tested
tester
tests
text
textbook
texts
texture
textured
than
thank
thanks
that
thaw
the
thee
theft
their
theirs
theist
them
theme
then
theology
theory
there
thereby
these
they
thick
thicket
thief
thieve
thigh
thighs
thin
thine
thing
think
thinking
third
thirdly
thirst
thirsty
thirty
this
thorn
thou
though
thought
three
threw
thrill
thriller
thrive
throat
throb
throne
throttle
through
throw
thug
thugs
thumb
thump
thus
thy
tiara
tic
tick
ticker
ticket
ticks
tidal
tide
tidied
tidily
tiding
tidy
tidying
tie
tied
tier
tiers
ties
tiger
tight
tighten
tightest
tights
tilde
tile
tiled
tiling
till
tiller
tilling
tilt
tilts
time
timed
timer
timid
timing
tin
tine
tines
tinge
tinier
tinned
tins
tint
tinting
tints
tiny
tip
tipping
tips
tire
tired
tires
tiring
tissue
titanium
tithe
tithes
title
titter
to
toad
toast
today
toddle
toddler
toe
toed
toes
tofu
tog
togs
toil
toilet
token
told
toll
tolls
tomahawk
tomato
tomb
tome
tomorrow
ton
tone
toner
tongue
tonic
tonight
toning
tonne
too
took
tool
tools
toot
top
topcoat
topic
topology
tops
tor
torch
tore
tori
torn
torrent
torso
tort
torts
tot
total
totality
totally
totals
totem
totemic
tots
totter
toucan
touch
tough
toughs
tour
tourist
tours
tout
touts
tow
town
tows
toy
toys
track
trackway
tract
tractor
traffic
trail
train
trait
tram
trap
tray
treble
tree
trees
trek
tremble
trend
trendy
trial
tribe
trice
trick
trickery
trickier
tricky
tried
trier
tries
trigger
trill
trilling
trillion
trilogy
trim
trimming
trims
trio
trios
trip
tripe
tripping
trips
trite
triumph
trivia
trivial
trod
troll
trolls
troop
trophy
tropic
trot
trots
trough
trout
trove
truce
true
truer
truly
trump
trumpet
trunk
truss
trust
trustful
trusts
truth
truthful
try
tsetse
tub
tuba
tube
tuber
tubes
tubing
tubs
tuck
tuft
tug
tugs
tulip
tumble
tumbler
tun
tuna
tundra
tune
tuner
tunes
tungsten
tunic
tuning
tuns
tuppence
turf
turfs
turfy
turkey
turn
turnip
turtle
tutor
tutors
tuxedo
twang
tweak
twee
tweet
twelve
twig
twilight
twin
twine
twines
twining
twinning
twitch
twitter
two
twos
twosome
tying
type
typify
tyre
ubiquity
ugly
ulcer
ultra
umpire
uncle
unclog
unction
under
undo
undone
uneven
unevenly
unfair
unfelt
unfit
unicorn
uniform
unify
union
unions
unique
unison
unit
unite
unity
unlike
unlikely
unlit
unmade
unmet
unnamed
unpick
unripe
unsent
unset
untie
until
unto
untrue
unveil
up
update
updated
uplift
upload
upon
upper
upright
ups
upset
upsets
uptown
upward
uranium
urban
urbane
urge
urged
urgency
urger
urging
uric
urn
urns
us
usage
usages
use
used
user
users
uses
usher
using
utter
uttered
vacant
vacate
vacation
vaccine
vacua
vagabond
vain
vale
valence
valet
valiant
valid
validity
valor
valuable
value
valve
vampire
van
vane
vanguard
vanilla
vanish
vanity
vans
vapor
variant
vary
vascular
vase
vases
vast
vat
vats
vault
veal
vector
veer
veered
veers
vegan
vehement
vehicle
veil
veils
vein
veined
veins
venal
vend
venom
vent
vents
venture
venue
veranda
verb
verge
verifier
verify
verity
verse
versed
verve
very
vest
vet
veto
vetoed
vets
via
vial
vials
vibrant
vicar
vice
vices
vicinity
victim
victims
victor
victory
vie
vied
vier
vies
view
viewer
vigil
vigor
viking
vile
villa
village
villain
villas
vine
vines
vinyl
viol
viola
violet
violin
viper
viral
virgin
virtual
virus
visa
visas
vision
visit
visiting
visitor
visor
vista
visual
visually
vital
vitamin
vivacity
vivid
vocal
vocalize
vocally
voice
void
voiding
volcano
vole
volt
volume
vomit
vote
voted
voter
votes
voting
vouch
voucher
vow
vowel
voyaging
vulpine
vulture
vying
wad
waddle
wade
waded
wades
wading
wads
wafer
waffle
waffling
wag
wage
wags
waif
wail
waist
wait
waits
waive
waived
wake
wakeful
waken
walk
walkable
walker
wall
wallaby
wallet
wallow
wallows
walls
walnut
wan
wand
wane
waning
want
wanting
war
ward
ware
warfare
warily
warlock
warlord
warn
warp
warrant
warranty
warrior
wart
warty
wary
was
wash
washday
wasp
waspish
wasps
watch
water
waterway
watery
watt
wattage
wave
waved
wavelet
wax
waxes
way
waylay
ways
we
weak
weal
wealth
wean
weapon
wear
weary
weave
web
webs
wed
wedding
weds
wee
weed
weeds
weedy
week
weekday
weekend
weeks
weep
weigh
weir
weirs
welcome
weld
welder
well
welled
welt
wench
wend
wending
went
were
werewolf
west
wet
wets
whale
what
wheat
wheel
wheezing
when
whenever
where
whereby
wherever
whet
whether
whey
whiff
whiffs
whim
whimper
whine
whines
whip
whips
whisk
whit
white
who
whoever
whole
whom
whose
why
whys
wide
widen
widening
widget
widow
widows
width
wield
wife
wig
wiggle
wigs
wild
wildcat
wildfowl
wildlife
wilful
wilfully
will
willed
willow
wilt
wily
win
wind
windbag
winded
winding
windmill
window
windows
winds
windward
wine
wined
wines
wing
winged
winger
wings
wining
wink
winks
winner
winning
wins
winter
wintry
wipe
wiper
wire
wirer
wires
wirier
wiring
wiry
wise
wiser
wisest
wish
wisp
wisps
wit
witch
with
withdraw
within
without
witness
wits
wizard
woad
woe
woes
wok
woke
woken
wold
wolf
woman
womb
women
won
woo
wood
wooded
woodland
woods
wooed
wool
woos
word
worded
words
wore
work
workbook
worker
workmen
workout
workroom
world
worm
wormhole
worms
worn
worry
worship
worth
worthy
wove
wow
wrack
wrap
wrapper
wreak
wreck
wrecked
wren
wrench
wring
wringer
wrinkle
writ
write
writer
wrong
wry
yacht
yak
yam
yams
yapping
yard
yarn
yaw
yawn
yaws
year
yearly
yearn
yell
yelled
yellow
yellowed
yelp
yen
yes
yet
yeti
yetis
yew
yodel
yoga
yogi
yogurt
yoke
yolk
yon
you
young
younger
your
yours
youth
youthful
yuan
zag
zeal
zealous
zebra
zero
zest
zig
zinc
zip
zipper
zone
zoned
zoo
zoom
